../lvgl/src/widgets/textarea/lv_textarea.c:966:13:pwd_char_hider_anim	0	static
../lvgl/src/widgets/textarea/lv_textarea.c:854:13:lv_textarea_destructor	8	static
../lvgl/src/widgets/textarea/lv_textarea.c:1063:13:refr_cursor_area	72	static
../lvgl/src/widgets/textarea/lv_textarea.c:944:13:cursor_blink_anim_cb	16	static
../lvgl/src/widgets/textarea/lv_textarea.c:986:13:pwd_char_hider.part.0	56	static
../lvgl/src/widgets/textarea/lv_textarea.c:976:13:pwd_char_hider_anim_ready	0	static
../lvgl/src/widgets/textarea/lv_textarea.c:924:13:label_event_cb	104	static
../lvgl/src/widgets/textarea/lv_textarea.c:90:12:lv_textarea_create	8	static
../lvgl/src/widgets/textarea/lv_textarea.c:316:6:lv_textarea_set_placeholder_text	16	static
../lvgl/src/widgets/textarea/lv_textarea.c:345:6:lv_textarea_set_cursor_pos	120	static
../lvgl/src/widgets/textarea/lv_textarea.c:815:13:lv_textarea_constructor	104	static
../lvgl/src/widgets/textarea/lv_textarea.c:163:6:lv_textarea_add_text	112	static
../lvgl/src/widgets/textarea/lv_textarea.c:102:6:lv_textarea_add_char	128	static
../lvgl/src/widgets/textarea/lv_textarea.c:213:6:lv_textarea_delete_char.part.0	16	static
../lvgl/src/widgets/textarea/lv_textarea.c:213:6:lv_textarea_delete_char	24	static
../lvgl/src/widgets/textarea/lv_textarea.c:257:6:lv_textarea_delete_char_forward	24	static
../lvgl/src/widgets/textarea/lv_textarea.c:270:6:lv_textarea_set_text	112	static
../lvgl/src/widgets/textarea/lv_textarea.c:397:6:lv_textarea_set_cursor_click_pos	0	static
../lvgl/src/widgets/textarea/lv_textarea.c:405:6:lv_textarea_set_password_mode	16	static
../lvgl/src/widgets/textarea/lv_textarea.c:435:6:lv_textarea_set_password_bullet	16	static
../lvgl/src/widgets/textarea/lv_textarea.c:465:6:lv_textarea_set_one_line	16	static
../lvgl/src/widgets/textarea/lv_textarea.c:489:6:lv_textarea_set_accepted_chars	0	static
../lvgl/src/widgets/textarea/lv_textarea.c:498:6:lv_textarea_set_max_length	0	static
../lvgl/src/widgets/textarea/lv_textarea.c:507:6:lv_textarea_set_insert_replace	0	static
../lvgl/src/widgets/textarea/lv_textarea.c:515:6:lv_textarea_set_text_selection	16	static
../lvgl/src/widgets/textarea/lv_textarea.c:531:6:lv_textarea_set_password_show_time	0	static
../lvgl/src/widgets/textarea/lv_textarea.c:539:6:lv_textarea_set_align	16	static
../lvgl/src/widgets/textarea/lv_textarea.c:562:14:lv_textarea_get_text	0	static
../lvgl/src/widgets/textarea/lv_textarea.c:579:14:lv_textarea_get_placeholder_text	0	static
../lvgl/src/widgets/textarea/lv_textarea.c:588:12:lv_textarea_get_label	0	static
../lvgl/src/widgets/textarea/lv_textarea.c:596:10:lv_textarea_get_cursor_pos	0	static
../lvgl/src/widgets/textarea/lv_textarea.c:604:6:lv_textarea_get_cursor_click_pos	0	static
../lvgl/src/widgets/textarea/lv_textarea.c:612:6:lv_textarea_get_password_mode	0	static
../lvgl/src/widgets/textarea/lv_textarea.c:620:14:lv_textarea_get_password_bullet	24	static
../lvgl/src/widgets/textarea/lv_textarea.c:637:6:lv_textarea_get_one_line	0	static
../lvgl/src/widgets/textarea/lv_textarea.c:645:14:lv_textarea_get_accepted_chars	0	static
../lvgl/src/widgets/textarea/lv_textarea.c:654:10:lv_textarea_get_max_length	0	static
../lvgl/src/widgets/textarea/lv_textarea.c:662:6:lv_textarea_text_is_selected	16	static
../lvgl/src/widgets/textarea/lv_textarea.c:682:6:lv_textarea_get_text_selection	0	static
../lvgl/src/widgets/textarea/lv_textarea.c:695:10:lv_textarea_get_password_show_time	0	static
../lvgl/src/widgets/textarea/lv_textarea.c:704:10:lv_textarea_get_current_char	24	static
../lvgl/src/widgets/textarea/lv_textarea.c:721:6:lv_textarea_clear_selection	16	static
../lvgl/src/widgets/textarea/lv_textarea.c:738:6:lv_textarea_cursor_right	0	static
../lvgl/src/widgets/textarea/lv_textarea.c:747:6:lv_textarea_cursor_left	0	static
../lvgl/src/widgets/textarea/lv_textarea.c:758:6:lv_textarea_cursor_down	24	static
../lvgl/src/widgets/textarea/lv_textarea.c:787:6:lv_textarea_cursor_up	24	static
../lvgl/src/widgets/textarea/lv_textarea.c:873:13:lv_textarea_event	208	static
