../lvgl/src/widgets/label/lv_label.c:670:13:lv_label_destructor	8	static
../lvgl/src/widgets/label/lv_label.c:1241:13:set_ofs_y_anim	0	static
../lvgl/src/widgets/label/lv_label.c:1234:13:set_ofs_x_anim	0	static
../lvgl/src/widgets/label/lv_label.c:1146:13:lv_label_revert_dots.part.0	16	static
../lvgl/src/widgets/label/lv_label.c:379:10:lv_label_get_letter_on.part.0	112	static
../lvgl/src/widgets/label/lv_label.c:860:13:lv_label_refr_text.part.0	168	static
../lvgl/src/widgets/label/lv_label.c:680:13:lv_label_event	136	static
../lvgl/src/widgets/label/lv_label.c:81:12:lv_label_create	8	static
../lvgl/src/widgets/label/lv_label.c:93:6:lv_label_set_text	24	static
../lvgl/src/widgets/label/lv_label.c:635:13:lv_label_constructor	16	static
../lvgl/src/widgets/label/lv_label.c:136:6:lv_label_set_text_fmt	28	static
../lvgl/src/widgets/label/lv_label.c:164:6:lv_label_set_text_static	16	static
../lvgl/src/widgets/label/lv_label.c:182:6:lv_label_set_long_mode	16	static
../lvgl/src/widgets/label/lv_label.c:208:6:lv_label_set_recolor	4	static
../lvgl/src/widgets/label/lv_label.c:221:6:lv_label_set_text_selection_start	0	static
../lvgl/src/widgets/label/lv_label.c:235:6:lv_label_set_text_selection_end	0	static
../lvgl/src/widgets/label/lv_label.c:253:8:lv_label_get_text	0	static
../lvgl/src/widgets/label/lv_label.c:260:22:lv_label_get_long_mode	0	static
../lvgl/src/widgets/label/lv_label.c:267:6:lv_label_get_recolor	0	static
../lvgl/src/widgets/label/lv_label.c:275:6:lv_label_get_letter_pos	88	static
../lvgl/src/widgets/label/lv_label.c:379:10:lv_label_get_letter_on	0	static
../lvgl/src/widgets/label/lv_label.c:484:6:lv_label_is_char_under_pos	96	static
../lvgl/src/widgets/label/lv_label.c:555:10:lv_label_get_text_selection_start	0	static
../lvgl/src/widgets/label/lv_label.c:568:10:lv_label_get_text_selection_end	0	static
../lvgl/src/widgets/label/lv_label.c:585:6:lv_label_ins_text	24	static
../lvgl/src/widgets/label/lv_label.c:613:6:lv_label_cut_text	16	static
