../lvgl/src/widgets/table/lv_table.c:830:19:get_row_height	104	static
../lvgl/src/widgets/table/lv_table.c:972:13:get_cell_area	40	static
../lvgl/src/widgets/table/lv_table.c:1008:13:scroll_to_selected_cell	24	static
../lvgl/src/widgets/table/lv_table.c:579:13:draw_main	472	static
../lvgl/src/widgets/table/lv_table.c:439:13:lv_table_destructor	16	static
../lvgl/src/widgets/table/lv_table.c:420:13:lv_table_constructor	16	static
../lvgl/src/widgets/table/lv_table.c:796:13:refr_cell_size	88	static
../lvgl/src/widgets/table/lv_table.c:769:13:refr_size_form_row.constprop	88	static
../lvgl/src/widgets/table/lv_table.c:457:13:lv_table_event	56	static
../lvgl/src/widgets/table/lv_table.c:76:12:lv_table_create	8	static
../lvgl/src/widgets/table/lv_table.c:188:6:lv_table_set_row_cnt	24	static
../lvgl/src/widgets/table/lv_table.c:227:6:lv_table_set_col_cnt	64	static
../lvgl/src/widgets/table/lv_table.c:88:6:lv_table_set_cell_value	32	static
../lvgl/src/widgets/table/lv_table.c:117:6:lv_table_set_cell_value_fmt	44	static
../lvgl/src/widgets/table/lv_table.c:283:6:lv_table_set_col_width	16	static
../lvgl/src/widgets/table/lv_table.c:296:6:lv_table_add_cell_ctrl	24	static
../lvgl/src/widgets/table/lv_table.c:320:6:lv_table_clear_cell_ctrl	24	static
../lvgl/src/widgets/table/lv_table.c:348:14:lv_table_get_cell_value	0	static
../lvgl/src/widgets/table/lv_table.c:364:10:lv_table_get_row_cnt	0	static
../lvgl/src/widgets/table/lv_table.c:372:10:lv_table_get_col_cnt	0	static
../lvgl/src/widgets/table/lv_table.c:380:12:lv_table_get_col_width	0	static
../lvgl/src/widgets/table/lv_table.c:394:6:lv_table_has_cell_ctrl	4	static
../lvgl/src/widgets/table/lv_table.c:409:6:lv_table_get_selected_cell	0	static
