../lvgl/src/widgets/image/lv_image.c:404:13:lv_image_constructor	16	static
../lvgl/src/widgets/image/lv_image.c:431:13:lv_image_destructor	8	static
../lvgl/src/widgets/image/lv_image.c:442:19:lv_image_get_transformed_size	32	static
../lvgl/src/widgets/image/lv_image.c:53:12:lv_image_create	8	static
../lvgl/src/widgets/image/lv_image.c:65:6:lv_image_set_src	64	static
../lvgl/src/widgets/image/lv_image.c:459:13:lv_image_event	192	static
../lvgl/src/widgets/image/lv_image.c:155:6:lv_image_set_offset_x	0	static
../lvgl/src/widgets/image/lv_image.c:165:6:lv_image_set_offset_y	0	static
../lvgl/src/widgets/image/lv_image.c:175:6:lv_image_set_rotation	56	static
../lvgl/src/widgets/image/lv_image.c:219:6:lv_image_set_pivot	64	static
../lvgl/src/widgets/image/lv_image.c:263:6:lv_image_set_scale	56	static
../lvgl/src/widgets/image/lv_image.c:306:6:lv_image_set_antialias	0	static
../lvgl/src/widgets/image/lv_image.c:315:6:lv_image_set_size_mode	0	static
../lvgl/src/widgets/image/lv_image.c:329:14:lv_image_get_src	0	static
../lvgl/src/widgets/image/lv_image.c:338:12:lv_image_get_offset_x	0	static
../lvgl/src/widgets/image/lv_image.c:347:12:lv_image_get_offset_y	0	static
../lvgl/src/widgets/image/lv_image.c:356:12:lv_image_get_rotation	0	static
../lvgl/src/widgets/image/lv_image.c:365:6:lv_image_get_pivot	0	static
../lvgl/src/widgets/image/lv_image.c:375:12:lv_image_get_scale	0	static
../lvgl/src/widgets/image/lv_image.c:384:6:lv_image_get_antialias	0	static
../lvgl/src/widgets/image/lv_image.c:393:22:lv_image_get_size_mode	0	static
