../Drivers/SSD1963/Src/SSD1963.c:28:6:SSD1963_DrawTestScreen	16	static,ignoring_inline_asm
../Drivers/SSD1963/Src/SSD1963.c:112:6:SSD1963_SendConfigs	80	static,ignoring_inline_asm
../Drivers/SSD1963/Src/SSD1963.c:45:6:SSD1963_SetConfigs	16	static,ignoring_inline_asm
../Drivers/SSD1963/Src/SSD1963.c:162:6:SSD1963_EnablePLL	32	static,ignoring_inline_asm
../Drivers/SSD1963/Src/SSD1963.c:176:6:SSD1963_SendCmdData	16	static,ignoring_inline_asm
../Drivers/SSD1963/Src/SSD1963.c:187:6:SSD1963_SendCmd	8	static,ignoring_inline_asm
../Drivers/SSD1963/Src/SSD1963.c:202:6:SSD1963_SendDataRS	0	static,ignoring_inline_asm
../Drivers/SSD1963/Src/SSD1963.c:214:9:SSD1963_GetTick	0	static
../Drivers/SSD1963/Src/SSD1963.c:226:6:SSD1963_Delay	0	static
../Drivers/SSD1963/Src/SSD1963.c:267:6:SSD1963_Init	8	static,ignoring_inline_asm
../Drivers/SSD1963/Src/SSD1963.c:292:6:SSD1963_WriteReg	0	static,ignoring_inline_asm
../Drivers/SSD1963/Src/SSD1963.c:304:6:SSD1963_SendData	4	static,ignoring_inline_asm
../Drivers/SSD1963/Src/SSD1963.c:322:6:SSD1963_set_area	40	static,ignoring_inline_asm
../Drivers/SSD1963/Src/SSD1963.c:345:6:SSD1963_start_sending_data	8	static,ignoring_inline_asm
../Drivers/SSD1963/Src/SSD1963.c:357:6:SSD1963_set_pixel	16	static,ignoring_inline_asm
