../Drivers/SSD1963/Src/SSD1963.c:69:6:SSD1963_DrawBlackScreen	16	static,ignoring_inline_asm
../Drivers/SSD1963/Src/SSD1963.c:153:6:SSD1963_SendConfigs	80	static,ignoring_inline_asm
../Drivers/SSD1963/Src/SSD1963.c:86:6:SSD1963_SetConfigs	16	static,ignoring_inline_asm
../Drivers/SSD1963/Src/SSD1963.c:203:6:SSD1963_EnablePLL	32	static,ignoring_inline_asm
../Drivers/SSD1963/Src/SSD1963.c:217:6:SSD1963_SendCmdData	16	static,ignoring_inline_asm
../Drivers/SSD1963/Src/SSD1963.c:228:6:SSD1963_SendCmd	8	static,ignoring_inline_asm
../Drivers/SSD1963/Src/SSD1963.c:243:6:SSD1963_SendDataRS	0	static,ignoring_inline_asm
../Drivers/SSD1963/Src/SSD1963.c:255:9:SSD1963_GetTick	0	static
../Drivers/SSD1963/Src/SSD1963.c:267:6:SSD1963_Delay	0	static
../Drivers/SSD1963/Src/SSD1963.c:308:6:SSD1963_Init	8	static,ignoring_inline_asm
../Drivers/SSD1963/Src/SSD1963.c:370:6:SSD1963_WriteReg	0	static,ignoring_inline_asm
../Drivers/SSD1963/Src/SSD1963.c:382:6:SSD1963_SendData	4	static,ignoring_inline_asm
../Drivers/SSD1963/Src/SSD1963.c:392:6:SSD1963_set_area	40	static,ignoring_inline_asm
../Drivers/SSD1963/Src/SSD1963.c:410:6:SSD1963_start_sending_data	8	static,ignoring_inline_asm
../Drivers/SSD1963/Src/SSD1963.c:415:6:SSD1963_set_pixel	16	static,ignoring_inline_asm
