../Drivers/SSD1963/Src/SSD1963.c:67:6:SSD1963_DrawBlackScreen	16	static,ignoring_inline_asm
../Drivers/SSD1963/Src/SSD1963.c:151:6:SSD1963_SendConfigs	80	static,ignoring_inline_asm
../Drivers/SSD1963/Src/SSD1963.c:84:6:SSD1963_SetConfigs	16	static,ignoring_inline_asm
../Drivers/SSD1963/Src/SSD1963.c:201:6:SSD1963_EnablePLL	32	static,ignoring_inline_asm
../Drivers/SSD1963/Src/SSD1963.c:215:6:SSD1963_SendCmdData	16	static,ignoring_inline_asm
../Drivers/SSD1963/Src/SSD1963.c:226:6:SSD1963_SendCmd	8	static,ignoring_inline_asm
../Drivers/SSD1963/Src/SSD1963.c:241:6:SSD1963_SendDataRS	0	static,ignoring_inline_asm
../Drivers/SSD1963/Src/SSD1963.c:253:9:SSD1963_GetTick	0	static
../Drivers/SSD1963/Src/SSD1963.c:265:6:SSD1963_Delay	0	static
../Drivers/SSD1963/Src/SSD1963.c:306:6:SSD1963_Init	8	static,ignoring_inline_asm
../Drivers/SSD1963/Src/SSD1963.c:368:6:SSD1963_WriteReg	0	static,ignoring_inline_asm
../Drivers/SSD1963/Src/SSD1963.c:380:6:SSD1963_SendData	4	static,ignoring_inline_asm
../Drivers/SSD1963/Src/SSD1963.c:390:6:SSD1963_set_area	40	static,ignoring_inline_asm
../Drivers/SSD1963/Src/SSD1963.c:408:6:SSD1963_start_sending_data	8	static,ignoring_inline_asm
../Drivers/SSD1963/Src/SSD1963.c:413:6:SSD1963_set_pixel	16	static,ignoring_inline_asm
