../Drivers/SSD1963/Src/SSD1963.c:439:6:keyboard_read_cb	0	static
../Drivers/SSD1963/Src/SSD1963.c:402:6:my_flush_cb	56	static,ignoring_inline_asm
../Drivers/SSD1963/Src/SSD1963.c:36:6:USBH_HID_EventCallback	8	static
../Drivers/SSD1963/Src/SSD1963.c:71:6:SSD1963_DrawBlackScreen	16	static,ignoring_inline_asm
../Drivers/SSD1963/Src/SSD1963.c:155:6:SSD1963_SendConfigs	80	static,ignoring_inline_asm
../Drivers/SSD1963/Src/SSD1963.c:88:6:SSD1963_SetConfigs	16	static,ignoring_inline_asm
../Drivers/SSD1963/Src/SSD1963.c:205:6:SSD1963_EnablePLL	32	static,ignoring_inline_asm
../Drivers/SSD1963/Src/SSD1963.c:219:6:SSD1963_SendCmdData	16	static,ignoring_inline_asm
../Drivers/SSD1963/Src/SSD1963.c:230:6:SSD1963_SendCmd	8	static,ignoring_inline_asm
../Drivers/SSD1963/Src/SSD1963.c:245:6:SSD1963_SendDataRS	0	static,ignoring_inline_asm
../Drivers/SSD1963/Src/SSD1963.c:257:9:SSD1963_GetTick	0	static
../Drivers/SSD1963/Src/SSD1963.c:269:6:SSD1963_Delay	0	static
../Drivers/SSD1963/Src/SSD1963.c:310:6:SSD1963_Init	32	static,ignoring_inline_asm
../Drivers/SSD1963/Src/SSD1963.c:372:6:SSD1963_WriteReg	0	static,ignoring_inline_asm
../Drivers/SSD1963/Src/SSD1963.c:384:6:SSD1963_SendData	4	static,ignoring_inline_asm
../Drivers/SSD1963/Src/SSD1963.c:394:6:SSD1963_putf	24	static
../Drivers/SSD1963/Src/SSD1963.c:451:6:last_key	0	static
../Drivers/SSD1963/Src/SSD1963.c:455:6:key_pressed	8	static
