../lvgl/src/widgets/imgbtn/lv_imgbtn.c:169:13:lv_imgbtn_constructor	8	static
../lvgl/src/widgets/imgbtn/lv_imgbtn.c:312:26:suggest_state	0	static
../lvgl/src/widgets/imgbtn/lv_imgbtn.c:291:13:refr_image	16	static
../lvgl/src/widgets/imgbtn/lv_imgbtn.c:181:13:lv_imgbtn_event	120	static
../lvgl/src/widgets/imgbtn/lv_imgbtn.c:61:12:lv_imgbtn_create	8	static
../lvgl/src/widgets/imgbtn/lv_imgbtn.c:84:6:lv_imgbtn_set_src	32	static
../lvgl/src/widgets/imgbtn/lv_imgbtn.c:98:6:lv_imgbtn_set_state	16	static
../lvgl/src/widgets/imgbtn/lv_imgbtn.c:127:14:lv_imgbtn_get_src_left	0	static
../lvgl/src/widgets/imgbtn/lv_imgbtn.c:142:14:lv_imgbtn_get_src_middle	0	static
../lvgl/src/widgets/imgbtn/lv_imgbtn.c:156:14:lv_imgbtn_get_src_right	0	static
