../lvgl/src/widgets/buttonmatrix/lv_buttonmatrix.c:920:17:get_button_from_point	80	static
../lvgl/src/widgets/buttonmatrix/lv_buttonmatrix.c:664:13:draw_main	440	static
../lvgl/src/widgets/buttonmatrix/lv_buttonmatrix.c:380:13:lv_buttonmatrix_destructor	8	static
../lvgl/src/widgets/buttonmatrix/lv_buttonmatrix.c:973:13:invalidate_button_area.part.0	48	static
../lvgl/src/widgets/buttonmatrix/lv_buttonmatrix.c:97:6:lv_buttonmatrix_set_map.part.0	128	static
../lvgl/src/widgets/buttonmatrix/lv_buttonmatrix.c:360:13:lv_buttonmatrix_constructor	4	static
../lvgl/src/widgets/buttonmatrix/lv_buttonmatrix.c:85:12:lv_buttonmatrix_create	8	static
../lvgl/src/widgets/buttonmatrix/lv_buttonmatrix.c:97:6:lv_buttonmatrix_set_map	0	static
../lvgl/src/widgets/buttonmatrix/lv_buttonmatrix.c:188:6:lv_buttonmatrix_set_ctrl_map	8	static
../lvgl/src/widgets/buttonmatrix/lv_buttonmatrix.c:198:6:lv_buttonmatrix_set_selected_button	16	static
../lvgl/src/widgets/buttonmatrix/lv_buttonmatrix.c:211:6:lv_buttonmatrix_set_button_ctrl	32	static
../lvgl/src/widgets/buttonmatrix/lv_buttonmatrix.c:392:13:lv_buttonmatrix_event	32	static
../lvgl/src/widgets/buttonmatrix/lv_buttonmatrix.c:231:6:lv_buttonmatrix_clear_button_ctrl	16	static
../lvgl/src/widgets/buttonmatrix/lv_buttonmatrix.c:247:6:lv_buttonmatrix_set_button_ctrl_all	32	static
../lvgl/src/widgets/buttonmatrix/lv_buttonmatrix.c:258:6:lv_buttonmatrix_clear_button_ctrl_all	24	static
../lvgl/src/widgets/buttonmatrix/lv_buttonmatrix.c:269:6:lv_buttonmatrix_set_button_width	8	static
../lvgl/src/widgets/buttonmatrix/lv_buttonmatrix.c:281:6:lv_buttonmatrix_set_one_checked	24	static
../lvgl/src/widgets/buttonmatrix/lv_buttonmatrix.c:296:15:lv_buttonmatrix_get_map	0	static
../lvgl/src/widgets/buttonmatrix/lv_buttonmatrix.c:304:10:lv_buttonmatrix_get_selected_button	0	static
../lvgl/src/widgets/buttonmatrix/lv_buttonmatrix.c:312:14:lv_buttonmatrix_get_button_text	16	static
../lvgl/src/widgets/buttonmatrix/lv_buttonmatrix.c:337:6:lv_buttonmatrix_has_button_ctrl	0	static
../lvgl/src/widgets/buttonmatrix/lv_buttonmatrix.c:347:6:lv_buttonmatrix_get_one_checked	0	static
