../lvgl/src/widgets/roller/lv_roller.c:817:13:set_y_anim	0	static
../lvgl/src/widgets/roller/lv_roller.c:592:13:get_sel_area	32	static
../lvgl/src/widgets/roller/lv_roller.c:765:13:inf_normalize.part.0	32	static
../lvgl/src/widgets/roller/lv_roller.c:811:13:scroll_anim_ready_cb	8	static
../lvgl/src/widgets/roller/lv_roller.c:616:13:refr_position	120	static
../lvgl/src/widgets/roller/lv_roller.c:306:13:lv_roller_constructor	24	static
../lvgl/src/widgets/roller/lv_roller.c:433:13:lv_roller_label_event	152	static
../lvgl/src/widgets/roller/lv_roller.c:328:13:lv_roller_event	184	static
../lvgl/src/widgets/roller/lv_roller.c:84:12:lv_roller_create	8	static
../lvgl/src/widgets/roller/lv_roller.c:102:6:lv_roller_set_options	56	static
../lvgl/src/widgets/roller/lv_roller.c:164:6:lv_roller_set_selected	12	static
../lvgl/src/widgets/roller/lv_roller.c:203:6:lv_roller_set_visible_row_count	32	static
../lvgl/src/widgets/roller/lv_roller.c:222:10:lv_roller_get_selected	0	static
../lvgl/src/widgets/roller/lv_roller.c:242:6:lv_roller_get_selected_str	24	static
../lvgl/src/widgets/roller/lv_roller.c:275:14:lv_roller_get_options	8	static
../lvgl/src/widgets/roller/lv_roller.c:288:10:lv_roller_get_option_cnt	0	static
