../lvgl/src/widgets/scale/lv_scale.c:1134:13:scale_find_section_tick_idx	56	static
../lvgl/src/widgets/scale/lv_scale.c:1082:13:scale_set_indicator_label_properties	24	static
../lvgl/src/widgets/scale/lv_scale.c:983:13:scale_set_line_properties	32	static
../lvgl/src/widgets/scale/lv_scale.c:768:13:scale_get_tick_points	120	static
../lvgl/src/widgets/scale/lv_scale.c:742:13:scale_get_center	56	static
../lvgl/src/widgets/scale/lv_scale.c:927:13:scale_get_label_coords	48	static
../lvgl/src/widgets/scale/lv_scale.c:570:13:scale_draw_main	168	static
../lvgl/src/widgets/scale/lv_scale.c:305:13:lv_scale_destructor	16	static
../lvgl/src/widgets/scale/lv_scale.c:277:13:lv_scale_constructor	16	static
../lvgl/src/widgets/scale/lv_scale.c:358:13:scale_draw_indicator	312	static
../lvgl/src/widgets/scale/lv_scale.c:322:13:lv_scale_event	16	static
../lvgl/src/widgets/scale/lv_scale.c:83:12:lv_scale_create	8	static
../lvgl/src/widgets/scale/lv_scale.c:103:6:lv_scale_set_mode	0	static
../lvgl/src/widgets/scale/lv_scale.c:113:6:lv_scale_set_total_tick_count	0	static
../lvgl/src/widgets/scale/lv_scale.c:123:6:lv_scale_set_major_tick_every	0	static
../lvgl/src/widgets/scale/lv_scale.c:133:6:lv_scale_set_major_tick_length	0	static
../lvgl/src/widgets/scale/lv_scale.c:143:6:lv_scale_set_minor_tick_length	0	static
../lvgl/src/widgets/scale/lv_scale.c:153:6:lv_scale_set_label_show	0	static
../lvgl/src/widgets/scale/lv_scale.c:163:6:lv_scale_set_range	0	static
../lvgl/src/widgets/scale/lv_scale.c:174:6:lv_scale_set_round_props	0	static
../lvgl/src/widgets/scale/lv_scale.c:185:6:lv_scale_set_text_src	0	static
../lvgl/src/widgets/scale/lv_scale.c:202:6:lv_scale_set_post_draw	0	static
../lvgl/src/widgets/scale/lv_scale.c:212:22:lv_scale_add_section	8	static
../lvgl/src/widgets/scale/lv_scale.c:237:6:lv_scale_section_set_range	0	static
../lvgl/src/widgets/scale/lv_scale.c:245:6:lv_scale_section_set_style	0	static
