../lvgl/examples/widgets/list/lv_example_list_2.c:12:13:event_handler	16	static
../lvgl/examples/widgets/list/lv_example_list_2.c:98:13:event_handler_swap	24	static
../lvgl/examples/widgets/list/lv_example_list_2.c:39:13:event_handler_top	8	static
../lvgl/examples/widgets/list/lv_example_list_2.c:88:13:event_handler_bottom	16	static
../lvgl/examples/widgets/list/lv_example_list_2.c:61:13:event_handler_center	8	static
../lvgl/examples/widgets/list/lv_example_list_2.c:76:13:event_handler_dn	8	static
../lvgl/examples/widgets/list/lv_example_list_2.c:49:13:event_handler_up	8	static
../lvgl/examples/widgets/list/lv_example_list_2.c:115:6:lv_example_list_2	24	static
