../Drivers/STM32H7xx_HAL_Driver/Src/stm32h7xx_hal_sram.c:264:13:HAL_SRAM_MspInit	0	static
../Drivers/STM32H7xx_HAL_Driver/Src/stm32h7xx_hal_sram.c:173:19:HAL_SRAM_Init	16	static
../Drivers/STM32H7xx_HAL_Driver/Src/stm32h7xx_hal_sram.c:280:13:HAL_SRAM_MspDeInit	0	static
../Drivers/STM32H7xx_HAL_Driver/Src/stm32h7xx_hal_sram.c:231:19:HAL_SRAM_DeInit	8	static
../Drivers/STM32H7xx_HAL_Driver/Src/stm32h7xx_hal_sram.c:296:13:HAL_SRAM_DMA_XferCpltCallback	0	static
../Drivers/STM32H7xx_HAL_Driver/Src/stm32h7xx_hal_sram.c:1073:13:SRAM_DMACpltProt	8	static
../Drivers/STM32H7xx_HAL_Driver/Src/stm32h7xx_hal_sram.c:1051:13:SRAM_DMACplt	8	static
../Drivers/STM32H7xx_HAL_Driver/Src/stm32h7xx_hal_sram.c:312:13:HAL_SRAM_DMA_XferErrorCallback	0	static
../Drivers/STM32H7xx_HAL_Driver/Src/stm32h7xx_hal_sram.c:1095:13:SRAM_DMAError	8	static
../Drivers/STM32H7xx_HAL_Driver/Src/stm32h7xx_hal_sram.c:349:19:HAL_SRAM_Read_8b	8	static
../Drivers/STM32H7xx_HAL_Driver/Src/stm32h7xx_hal_sram.c:397:19:HAL_SRAM_Write_8b	4	static
../Drivers/STM32H7xx_HAL_Driver/Src/stm32h7xx_hal_sram.c:444:19:HAL_SRAM_Read_16b	24	static
../Drivers/STM32H7xx_HAL_Driver/Src/stm32h7xx_hal_sram.c:504:19:HAL_SRAM_Write_16b	16	static
../Drivers/STM32H7xx_HAL_Driver/Src/stm32h7xx_hal_sram.c:563:19:HAL_SRAM_Read_32b	8	static
../Drivers/STM32H7xx_HAL_Driver/Src/stm32h7xx_hal_sram.c:611:19:HAL_SRAM_Write_32b	4	static
../Drivers/STM32H7xx_HAL_Driver/Src/stm32h7xx_hal_sram.c:658:19:HAL_SRAM_Read_DMA	24	static
../Drivers/STM32H7xx_HAL_Driver/Src/stm32h7xx_hal_sram.c:707:19:HAL_SRAM_Write_DMA	24	static
../Drivers/STM32H7xx_HAL_Driver/Src/stm32h7xx_hal_sram.c:942:19:HAL_SRAM_WriteOperation_Enable	16	static
../Drivers/STM32H7xx_HAL_Driver/Src/stm32h7xx_hal_sram.c:976:19:HAL_SRAM_WriteOperation_Disable	8	static
../Drivers/STM32H7xx_HAL_Driver/Src/stm32h7xx_hal_sram.c:1029:23:HAL_SRAM_GetState	0	static
