../Drivers/STM32H7xx_HAL_Driver/Src/stm32h7xx_hal_hcd.c:200:19:HAL_HCD_HC_Init	56	static
../Drivers/STM32H7xx_HAL_Driver/Src/stm32h7xx_hal_hcd.c:239:19:HAL_HCD_HC_Halt	8	static
../Drivers/STM32H7xx_HAL_Driver/Src/stm32h7xx_hal_hcd.c:290:14:HAL_HCD_MspInit	0	static
../Drivers/STM32H7xx_HAL_Driver/Src/stm32h7xx_hal_hcd.c:110:19:HAL_HCD_Init	64	static
../Drivers/STM32H7xx_HAL_Driver/Src/stm32h7xx_hal_hcd.c:305:14:HAL_HCD_MspDeInit	0	static
../Drivers/STM32H7xx_HAL_Driver/Src/stm32h7xx_hal_hcd.c:255:19:HAL_HCD_DeInit	8	static
../Drivers/STM32H7xx_HAL_Driver/Src/stm32h7xx_hal_hcd.c:357:19:HAL_HCD_HC_SubmitRequest	16	static
../Drivers/STM32H7xx_HAL_Driver/Src/stm32h7xx_hal_hcd.c:607:13:HAL_HCD_SOF_Callback	0	static
../Drivers/STM32H7xx_HAL_Driver/Src/stm32h7xx_hal_hcd.c:622:13:HAL_HCD_Connect_Callback	0	static
../Drivers/STM32H7xx_HAL_Driver/Src/stm32h7xx_hal_hcd.c:637:13:HAL_HCD_Disconnect_Callback	0	static
../Drivers/STM32H7xx_HAL_Driver/Src/stm32h7xx_hal_hcd.c:652:13:HAL_HCD_PortEnabled_Callback	0	static
../Drivers/STM32H7xx_HAL_Driver/Src/stm32h7xx_hal_hcd.c:667:13:HAL_HCD_PortDisabled_Callback	0	static
../Drivers/STM32H7xx_HAL_Driver/Src/stm32h7xx_hal_hcd.c:692:13:HAL_HCD_HC_NotifyURBChange_Callback	0	static
../Drivers/STM32H7xx_HAL_Driver/Src/stm32h7xx_hal_hcd.c:484:6:HAL_HCD_IRQHandler	56	static
../Drivers/STM32H7xx_HAL_Driver/Src/stm32h7xx_hal_hcd.c:1008:19:HAL_HCD_Start	8	static
../Drivers/STM32H7xx_HAL_Driver/Src/stm32h7xx_hal_hcd.c:1027:19:HAL_HCD_Stop	8	static
../Drivers/STM32H7xx_HAL_Driver/Src/stm32h7xx_hal_hcd.c:1041:19:HAL_HCD_ResetPort	0	static
../Drivers/STM32H7xx_HAL_Driver/Src/stm32h7xx_hal_hcd.c:1070:18:HAL_HCD_GetState	0	static
../Drivers/STM32H7xx_HAL_Driver/Src/stm32h7xx_hal_hcd.c:1089:21:HAL_HCD_HC_GetURBState	0	static
../Drivers/STM32H7xx_HAL_Driver/Src/stm32h7xx_hal_hcd.c:1102:10:HAL_HCD_HC_GetXferCount	0	static
../Drivers/STM32H7xx_HAL_Driver/Src/stm32h7xx_hal_hcd.c:1124:21:HAL_HCD_HC_GetState	0	static
../Drivers/STM32H7xx_HAL_Driver/Src/stm32h7xx_hal_hcd.c:1134:10:HAL_HCD_GetCurrentFrame	0	static
../Drivers/STM32H7xx_HAL_Driver/Src/stm32h7xx_hal_hcd.c:1144:10:HAL_HCD_GetCurrentSpeed	0	static
