../lvgl/src/widgets/span/lv_span.c:543:13:lv_spangroup_destructor	16	static
../lvgl/src/widgets/span/lv_span.c:529:13:lv_spangroup_constructor	8	static
../lvgl/src/widgets/span/lv_span.c:90:6:lv_span_stack_init	8	static
../lvgl/src/widgets/span/lv_span.c:99:6:lv_span_stack_deinit	0	static
../lvgl/src/widgets/span/lv_span.c:104:12:lv_spangroup_create	8	static
../lvgl/src/widgets/span/lv_span.c:111:13:lv_spangroup_new_span	16	static
../lvgl/src/widgets/span/lv_span.c:132:6:lv_spangroup_delete_span	24	static
../lvgl/src/widgets/span/lv_span.c:162:6:lv_span_set_text	16	static
../lvgl/src/widgets/span/lv_span.c:187:6:lv_span_set_text_static	16	static
../lvgl/src/widgets/span/lv_span.c:203:6:lv_spangroup_set_align	0	static
../lvgl/src/widgets/span/lv_span.c:208:6:lv_spangroup_set_overflow	0	static
../lvgl/src/widgets/span/lv_span.c:218:6:lv_spangroup_set_indent	8	static
../lvgl/src/widgets/span/lv_span.c:252:13:lv_spangroup_get_child	16	static
../lvgl/src/widgets/span/lv_span.c:289:10:lv_spangroup_get_child_cnt	0	static
../lvgl/src/widgets/span/lv_span.c:302:17:lv_spangroup_get_align	16	static
../lvgl/src/widgets/span/lv_span.c:307:20:lv_spangroup_get_overflow	0	static
../lvgl/src/widgets/span/lv_span.c:314:12:lv_spangroup_get_indent	0	static
../lvgl/src/widgets/span/lv_span.c:321:16:lv_spangroup_get_mode	0	static
../lvgl/src/widgets/span/lv_span.c:328:9:lv_spangroup_get_max_lines	0	static
../lvgl/src/widgets/span/lv_span.c:369:12:lv_spangroup_get_max_line_h	32	static
../lvgl/src/widgets/span/lv_span.c:387:10:lv_spangroup_get_expand_width	64	static
../lvgl/src/widgets/span/lv_span.c:419:12:lv_spangroup_get_expand_height	112	static
../lvgl/src/widgets/span/lv_span.c:560:13:lv_spangroup_event	328	static
../lvgl/src/widgets/span/lv_span.c:335:6:lv_spangroup_refr_mode	16	static
../lvgl/src/widgets/span/lv_span.c:240:6:lv_spangroup_set_max_lines	16	static
../lvgl/src/widgets/span/lv_span.c:229:6:lv_spangroup_set_mode	16	static
