../lvgl/src/widgets/tabview/lv_tabview.c:271:13:lv_tabview_destructor	16	static
../lvgl/src/widgets/tabview/lv_tabview.c:201:13:lv_tabview_constructor	24	static
../lvgl/src/widgets/tabview/lv_tabview.c:63:12:lv_tabview_create	8	static
../lvgl/src/widgets/tabview/lv_tabview.c:129:6:lv_tabview_rename_tab	16	static
../lvgl/src/widgets/tabview/lv_tabview.c:143:6:lv_tabview_set_act	40	static
../lvgl/src/widgets/tabview/lv_tabview.c:295:13:lv_tabview_event	8	static
../lvgl/src/widgets/tabview/lv_tabview.c:319:13:cont_scroll_end_event_cb	24	static
../lvgl/src/widgets/tabview/lv_tabview.c:310:13:buttons_value_changed_event_cb	16	static
../lvgl/src/widgets/tabview/lv_tabview.c:74:12:lv_tabview_add_tab	40	static
../lvgl/src/widgets/tabview/lv_tabview.c:180:10:lv_tabview_get_tab_act	0	static
../lvgl/src/widgets/tabview/lv_tabview.c:187:12:lv_tabview_get_content	0	static
../lvgl/src/widgets/tabview/lv_tabview.c:192:12:lv_tabview_get_tab_buttons	0	static
