../lvgl/src/widgets/tileview/lv_tileview.c:132:13:lv_tileview_constructor	16	static
../lvgl/src/widgets/tileview/lv_tileview.c:151:13:tileview_event_cb	40	static
../lvgl/src/widgets/tileview/lv_tileview.c:143:13:lv_tileview_tile_constructor	16	static
../lvgl/src/widgets/tileview/lv_tileview.c:55:12:lv_tileview_create	8	static
../lvgl/src/widgets/tileview/lv_tileview.c:67:12:lv_tileview_add_tile	32	static
../lvgl/src/widgets/tileview/lv_tileview.c:85:6:lv_obj_set_tile	24	static
../lvgl/src/widgets/tileview/lv_tileview.c:98:6:lv_obj_set_tile_id	40	static
../lvgl/src/widgets/tileview/lv_tileview.c:122:12:lv_tileview_get_tile_act	0	static
