../lvgl/src/widgets/animimage/lv_animimage.c:140:13:lv_animimg_constructor	16	static
../lvgl/src/widgets/animimage/lv_animimage.c:159:13:index_change	0	static
../lvgl/src/widgets/animimage/lv_animimage.c:61:12:lv_animimg_create	8	static
../lvgl/src/widgets/animimage/lv_animimage.c:69:6:lv_animimg_set_src	4	static
../lvgl/src/widgets/animimage/lv_animimage.c:78:6:lv_animimg_start	0	static
../lvgl/src/widgets/animimage/lv_animimage.c:89:6:lv_animimg_set_duration	0	static
../lvgl/src/widgets/animimage/lv_animimage.c:97:6:lv_animimg_set_repeat_count	0	static
../lvgl/src/widgets/animimage/lv_animimage.c:108:15:lv_animimg_get_src	0	static
../lvgl/src/widgets/animimage/lv_animimage.c:115:9:lv_animimg_get_src_count	0	static
../lvgl/src/widgets/animimage/lv_animimage.c:122:10:lv_animimg_get_duration	0	static
../lvgl/src/widgets/animimage/lv_animimage.c:129:10:lv_animimg_get_repeat_count	0	static
