../lvgl/src/draw/sw/lv_draw_sw_mask.c:1056:52:lv_draw_mask_map	24	static
../lvgl/src/draw/sw/lv_draw_sw_mask.c:1010:52:lv_draw_mask_fade	16	static
../lvgl/src/draw/sw/lv_draw_sw_mask.c:900:52:lv_draw_mask_radius	48	static
../lvgl/src/draw/sw/lv_draw_sw_mask.c:440:52:lv_draw_mask_line	24	static
../lvgl/src/draw/sw/lv_draw_sw_mask.c:760:52:lv_draw_mask_angle	40	static
../lvgl/src/draw/sw/lv_draw_sw_mask.c:80:6:lv_draw_sw_mask_init	0	static
../lvgl/src/draw/sw/lv_draw_sw_mask.c:86:45:lv_draw_sw_mask_apply	40	static
../lvgl/src/draw/sw/lv_draw_sw_mask.c:112:6:lv_draw_sw_mask_free_param	8	static
../lvgl/src/draw/sw/lv_draw_sw_mask.c:132:6:_lv_draw_sw_mask_cleanup	16	static
../lvgl/src/draw/sw/lv_draw_sw_mask.c:154:6:lv_draw_sw_mask_line_points_init	32	static
../lvgl/src/draw/sw/lv_draw_sw_mask.c:249:6:lv_draw_sw_mask_line_angle_init	32	static
../lvgl/src/draw/sw/lv_draw_sw_mask.c:275:6:lv_draw_sw_mask_angle_init	64	static
../lvgl/src/draw/sw/lv_draw_sw_mask.c:336:6:lv_draw_sw_mask_radius_init	56	static
../lvgl/src/draw/sw/lv_draw_sw_mask.c:409:6:lv_draw_sw_mask_fade_init	8	static
../lvgl/src/draw/sw/lv_draw_sw_mask.c:428:6:lv_draw_sw_mask_map_init	0	static
