../lvgl/src/widgets/chart/lv_chart.c:644:13:lv_chart_destructor	16	static
../lvgl/src/widgets/chart/lv_chart.c:615:13:lv_chart_constructor	8	static
../lvgl/src/widgets/chart/lv_chart.c:1319:13:new_points_alloc	24	static
../lvgl/src/widgets/chart/lv_chart.c:1257:13:invalidate_point.part.0	40	static
../lvgl/src/widgets/chart/lv_chart.c:67:12:lv_chart_create	8	static
../lvgl/src/widgets/chart/lv_chart.c:75:6:lv_chart_set_type	24	static
../lvgl/src/widgets/chart/lv_chart.c:104:6:lv_chart_set_point_count	32	static
../lvgl/src/widgets/chart/lv_chart.c:128:6:lv_chart_set_range	0	static
../lvgl/src/widgets/chart/lv_chart.c:160:6:lv_chart_set_update_mode	0	static
../lvgl/src/widgets/chart/lv_chart.c:171:6:lv_chart_set_div_line_count	0	static
../lvgl/src/widgets/chart/lv_chart.c:184:17:lv_chart_get_type	0	static
../lvgl/src/widgets/chart/lv_chart.c:192:10:lv_chart_get_point_count	0	static
../lvgl/src/widgets/chart/lv_chart.c:200:10:lv_chart_get_x_start_point	0	static
../lvgl/src/widgets/chart/lv_chart.c:208:6:lv_chart_get_point_pos_by_id	72	static
../lvgl/src/widgets/chart/lv_chart.c:1137:13:draw_cursors	320	static
../lvgl/src/widgets/chart/lv_chart.c:674:13:lv_chart_event	304	static
../lvgl/src/widgets/chart/lv_chart.c:269:6:lv_chart_refresh	0	static
../lvgl/src/widgets/chart/lv_chart.c:280:21:lv_chart_add_series	32	static
../lvgl/src/widgets/chart/lv_chart.c:336:6:lv_chart_remove_series	16	static
../lvgl/src/widgets/chart/lv_chart.c:351:6:lv_chart_hide_series	0	static
../lvgl/src/widgets/chart/lv_chart.c:361:6:lv_chart_set_series_color	8	static
../lvgl/src/widgets/chart/lv_chart.c:370:6:lv_chart_set_x_start_point	0	static
../lvgl/src/widgets/chart/lv_chart.c:380:21:lv_chart_get_series_next	0	static
../lvgl/src/widgets/chart/lv_chart.c:400:22:lv_chart_add_cursor	16	static
../lvgl/src/widgets/chart/lv_chart.c:426:6:lv_chart_set_cursor_pos	0	static
../lvgl/src/widgets/chart/lv_chart.c:445:6:lv_chart_set_cursor_point	16	static
../lvgl/src/widgets/chart/lv_chart.c:463:12:lv_chart_get_cursor_point	8	static
../lvgl/src/widgets/chart/lv_chart.c:476:6:lv_chart_set_all_value	12	static
../lvgl/src/widgets/chart/lv_chart.c:490:6:lv_chart_set_next_value	16	static
../lvgl/src/widgets/chart/lv_chart.c:502:6:lv_chart_set_next_value2	12	static
../lvgl/src/widgets/chart/lv_chart.c:520:6:lv_chart_set_value_by_id	4	static
../lvgl/src/widgets/chart/lv_chart.c:531:6:lv_chart_set_value_by_id2	12	static
../lvgl/src/widgets/chart/lv_chart.c:549:6:lv_chart_set_ext_y_array	16	static
../lvgl/src/widgets/chart/lv_chart.c:560:6:lv_chart_set_ext_x_array	16	static
../lvgl/src/widgets/chart/lv_chart.c:571:14:lv_chart_get_y_array	0	static
../lvgl/src/widgets/chart/lv_chart.c:579:14:lv_chart_get_x_array	0	static
../lvgl/src/widgets/chart/lv_chart.c:587:10:lv_chart_get_pressed_point	0	static
../lvgl/src/widgets/chart/lv_chart.c:593:9:lv_chart_get_first_point_center_offset	24	static
