../lvgl/src/core/lv_group.c:413:13:focus_next_core.part.0	32	static
../lvgl/src/core/lv_group.c:399:13:lv_group_refocus	16	static
../lvgl/src/core/lv_group.c:234:6:lv_group_focus_obj.part.0	24	static
../lvgl/src/core/lv_group.c:46:6:_lv_group_init	0	static
../lvgl/src/core/lv_group.c:51:14:lv_group_create	8	static
../lvgl/src/core/lv_group.c:70:6:lv_group_delete	24	static
../lvgl/src/core/lv_group.c:101:6:lv_group_set_default	0	static
../lvgl/src/core/lv_group.c:106:14:lv_group_get_default	0	static
../lvgl/src/core/lv_group.c:156:6:lv_group_swap_obj	16	static
../lvgl/src/core/lv_group.c:175:6:lv_group_remove_obj	32	static
../lvgl/src/core/lv_group.c:111:6:lv_group_add_obj	16	static
../lvgl/src/core/lv_group.c:216:6:lv_group_remove_all_objs	24	static
../lvgl/src/core/lv_group.c:234:6:lv_group_focus_obj	0	static
../lvgl/src/core/lv_group.c:267:6:lv_group_focus_next	8	static
../lvgl/src/core/lv_group.c:276:6:lv_group_focus_prev	8	static
../lvgl/src/core/lv_group.c:285:6:lv_group_focus_freeze	0	static
../lvgl/src/core/lv_group.c:291:13:lv_group_send_data	16	static
../lvgl/src/core/lv_group.c:301:6:lv_group_set_focus_cb	0	static
../lvgl/src/core/lv_group.c:306:6:lv_group_set_edge_cb	0	static
../lvgl/src/core/lv_group.c:311:6:lv_group_set_editing	24	static
../lvgl/src/core/lv_group.c:329:6:lv_group_set_refocus_policy	0	static
../lvgl/src/core/lv_group.c:334:6:lv_group_set_wrap	0	static
../lvgl/src/core/lv_group.c:339:12:lv_group_get_focused	0	static
../lvgl/src/core/lv_group.c:347:21:lv_group_get_focus_cb	0	static
../lvgl/src/core/lv_group.c:353:20:lv_group_get_edge_cb	0	static
../lvgl/src/core/lv_group.c:359:6:lv_group_get_editing	0	static
../lvgl/src/core/lv_group.c:365:6:lv_group_get_wrap	0	static
../lvgl/src/core/lv_group.c:371:10:lv_group_get_obj_count	0	static
../lvgl/src/core/lv_group.c:376:10:lv_group_get_count	0	static
../lvgl/src/core/lv_group.c:381:15:lv_group_by_index	16	static
