../lvgl/src/core/lv_obj.c:332:13:lv_obj_destructor	8	static
../lvgl/src/core/lv_obj.c:297:13:lv_obj_constructor	32	static
../lvgl/src/core/lv_obj.c:688:13:update_obj_state	72	static
../lvgl/src/core/lv_obj.c:768:13:obj_valid_child.isra	120	static
../lvgl/src/core/lv_obj.c:529:13:lv_obj_event	128	static
../lvgl/src/core/lv_obj.c:74:12:lv_obj_create	8	static
../lvgl/src/core/lv_obj.c:90:6:lv_obj_add_flag	40	static
../lvgl/src/core/lv_obj.c:127:6:lv_obj_remove_flag	32	static
../lvgl/src/core/lv_obj.c:156:6:lv_obj_set_flag	0	static
../lvgl/src/core/lv_obj.c:162:6:lv_obj_add_state	16	static
../lvgl/src/core/lv_obj.c:177:6:lv_obj_remove_state	0	static
../lvgl/src/core/lv_obj.c:188:6:lv_obj_set_state	16	static
../lvgl/src/core/lv_obj.c:198:6:lv_obj_has_flag	0	static
../lvgl/src/core/lv_obj.c:205:6:lv_obj_has_flag_any	0	static
../lvgl/src/core/lv_obj.c:212:12:lv_obj_get_state	0	static
../lvgl/src/core/lv_obj.c:219:6:lv_obj_has_state	0	static
../lvgl/src/core/lv_obj.c:226:14:lv_obj_get_group	0	static
../lvgl/src/core/lv_obj.c:238:6:lv_obj_allocate_spec_attr	16	static
../lvgl/src/core/lv_obj.c:254:6:lv_obj_check_type	0	static
../lvgl/src/core/lv_obj.c:260:6:lv_obj_has_class	0	static
../lvgl/src/core/lv_obj.c:271:24:lv_obj_get_class	0	static
../lvgl/src/core/lv_obj.c:276:6:lv_obj_is_valid	40	static
