../lvgl/src/core/lv_obj_style_gen.c:13:6:lv_obj_set_style_width	8	static
../lvgl/src/core/lv_obj_style_gen.c:21:6:lv_obj_set_style_min_width	8	static
../lvgl/src/core/lv_obj_style_gen.c:29:6:lv_obj_set_style_max_width	8	static
../lvgl/src/core/lv_obj_style_gen.c:37:6:lv_obj_set_style_height	8	static
../lvgl/src/core/lv_obj_style_gen.c:45:6:lv_obj_set_style_min_height	8	static
../lvgl/src/core/lv_obj_style_gen.c:53:6:lv_obj_set_style_max_height	8	static
../lvgl/src/core/lv_obj_style_gen.c:61:6:lv_obj_set_style_x	8	static
../lvgl/src/core/lv_obj_style_gen.c:69:6:lv_obj_set_style_y	8	static
../lvgl/src/core/lv_obj_style_gen.c:77:6:lv_obj_set_style_align	8	static
../lvgl/src/core/lv_obj_style_gen.c:85:6:lv_obj_set_style_transform_width	8	static
../lvgl/src/core/lv_obj_style_gen.c:93:6:lv_obj_set_style_transform_height	8	static
../lvgl/src/core/lv_obj_style_gen.c:101:6:lv_obj_set_style_translate_x	8	static
../lvgl/src/core/lv_obj_style_gen.c:109:6:lv_obj_set_style_translate_y	8	static
../lvgl/src/core/lv_obj_style_gen.c:117:6:lv_obj_set_style_transform_scale	8	static
../lvgl/src/core/lv_obj_style_gen.c:125:6:lv_obj_set_style_transform_rotation	8	static
../lvgl/src/core/lv_obj_style_gen.c:133:6:lv_obj_set_style_transform_pivot_x	8	static
../lvgl/src/core/lv_obj_style_gen.c:141:6:lv_obj_set_style_transform_pivot_y	8	static
../lvgl/src/core/lv_obj_style_gen.c:149:6:lv_obj_set_style_pad_top	8	static
../lvgl/src/core/lv_obj_style_gen.c:157:6:lv_obj_set_style_pad_bottom	8	static
../lvgl/src/core/lv_obj_style_gen.c:165:6:lv_obj_set_style_pad_left	8	static
../lvgl/src/core/lv_obj_style_gen.c:173:6:lv_obj_set_style_pad_right	8	static
../lvgl/src/core/lv_obj_style_gen.c:181:6:lv_obj_set_style_pad_row	8	static
../lvgl/src/core/lv_obj_style_gen.c:189:6:lv_obj_set_style_pad_column	8	static
../lvgl/src/core/lv_obj_style_gen.c:197:6:lv_obj_set_style_margin_top	8	static
../lvgl/src/core/lv_obj_style_gen.c:205:6:lv_obj_set_style_margin_bottom	8	static
../lvgl/src/core/lv_obj_style_gen.c:213:6:lv_obj_set_style_margin_left	8	static
../lvgl/src/core/lv_obj_style_gen.c:221:6:lv_obj_set_style_margin_right	8	static
../lvgl/src/core/lv_obj_style_gen.c:229:6:lv_obj_set_style_bg_color	24	static
../lvgl/src/core/lv_obj_style_gen.c:237:6:lv_obj_set_style_bg_opa	8	static
../lvgl/src/core/lv_obj_style_gen.c:245:6:lv_obj_set_style_bg_grad_color	24	static
../lvgl/src/core/lv_obj_style_gen.c:253:6:lv_obj_set_style_bg_grad_dir	8	static
../lvgl/src/core/lv_obj_style_gen.c:261:6:lv_obj_set_style_bg_main_stop	8	static
../lvgl/src/core/lv_obj_style_gen.c:269:6:lv_obj_set_style_bg_grad_stop	8	static
../lvgl/src/core/lv_obj_style_gen.c:277:6:lv_obj_set_style_bg_grad	8	static
../lvgl/src/core/lv_obj_style_gen.c:285:6:lv_obj_set_style_bg_dither_mode	8	static
../lvgl/src/core/lv_obj_style_gen.c:293:6:lv_obj_set_style_bg_image_src	8	static
../lvgl/src/core/lv_obj_style_gen.c:301:6:lv_obj_set_style_bg_image_opa	8	static
../lvgl/src/core/lv_obj_style_gen.c:309:6:lv_obj_set_style_bg_image_recolor	24	static
../lvgl/src/core/lv_obj_style_gen.c:317:6:lv_obj_set_style_bg_image_recolor_opa	8	static
../lvgl/src/core/lv_obj_style_gen.c:325:6:lv_obj_set_style_bg_image_tiled	8	static
../lvgl/src/core/lv_obj_style_gen.c:333:6:lv_obj_set_style_border_color	24	static
../lvgl/src/core/lv_obj_style_gen.c:341:6:lv_obj_set_style_border_opa	8	static
../lvgl/src/core/lv_obj_style_gen.c:349:6:lv_obj_set_style_border_width	8	static
../lvgl/src/core/lv_obj_style_gen.c:357:6:lv_obj_set_style_border_side	8	static
../lvgl/src/core/lv_obj_style_gen.c:365:6:lv_obj_set_style_border_post	8	static
../lvgl/src/core/lv_obj_style_gen.c:373:6:lv_obj_set_style_outline_width	8	static
../lvgl/src/core/lv_obj_style_gen.c:381:6:lv_obj_set_style_outline_color	24	static
../lvgl/src/core/lv_obj_style_gen.c:389:6:lv_obj_set_style_outline_opa	8	static
../lvgl/src/core/lv_obj_style_gen.c:397:6:lv_obj_set_style_outline_pad	8	static
../lvgl/src/core/lv_obj_style_gen.c:405:6:lv_obj_set_style_shadow_width	8	static
../lvgl/src/core/lv_obj_style_gen.c:413:6:lv_obj_set_style_shadow_ofs_x	8	static
../lvgl/src/core/lv_obj_style_gen.c:421:6:lv_obj_set_style_shadow_ofs_y	8	static
../lvgl/src/core/lv_obj_style_gen.c:429:6:lv_obj_set_style_shadow_spread	8	static
../lvgl/src/core/lv_obj_style_gen.c:437:6:lv_obj_set_style_shadow_color	24	static
../lvgl/src/core/lv_obj_style_gen.c:445:6:lv_obj_set_style_shadow_opa	8	static
../lvgl/src/core/lv_obj_style_gen.c:453:6:lv_obj_set_style_image_opa	8	static
../lvgl/src/core/lv_obj_style_gen.c:461:6:lv_obj_set_style_image_recolor	24	static
../lvgl/src/core/lv_obj_style_gen.c:469:6:lv_obj_set_style_image_recolor_opa	8	static
../lvgl/src/core/lv_obj_style_gen.c:477:6:lv_obj_set_style_line_width	8	static
../lvgl/src/core/lv_obj_style_gen.c:485:6:lv_obj_set_style_line_dash_width	8	static
../lvgl/src/core/lv_obj_style_gen.c:493:6:lv_obj_set_style_line_dash_gap	8	static
../lvgl/src/core/lv_obj_style_gen.c:501:6:lv_obj_set_style_line_rounded	8	static
../lvgl/src/core/lv_obj_style_gen.c:509:6:lv_obj_set_style_line_color	24	static
../lvgl/src/core/lv_obj_style_gen.c:517:6:lv_obj_set_style_line_opa	8	static
../lvgl/src/core/lv_obj_style_gen.c:525:6:lv_obj_set_style_arc_width	8	static
../lvgl/src/core/lv_obj_style_gen.c:533:6:lv_obj_set_style_arc_rounded	8	static
../lvgl/src/core/lv_obj_style_gen.c:541:6:lv_obj_set_style_arc_color	24	static
../lvgl/src/core/lv_obj_style_gen.c:549:6:lv_obj_set_style_arc_opa	8	static
../lvgl/src/core/lv_obj_style_gen.c:557:6:lv_obj_set_style_arc_image_src	8	static
../lvgl/src/core/lv_obj_style_gen.c:565:6:lv_obj_set_style_text_color	24	static
../lvgl/src/core/lv_obj_style_gen.c:573:6:lv_obj_set_style_text_opa	8	static
../lvgl/src/core/lv_obj_style_gen.c:581:6:lv_obj_set_style_text_font	8	static
../lvgl/src/core/lv_obj_style_gen.c:589:6:lv_obj_set_style_text_letter_space	8	static
../lvgl/src/core/lv_obj_style_gen.c:597:6:lv_obj_set_style_text_line_space	8	static
../lvgl/src/core/lv_obj_style_gen.c:605:6:lv_obj_set_style_text_decor	8	static
../lvgl/src/core/lv_obj_style_gen.c:613:6:lv_obj_set_style_text_align	8	static
../lvgl/src/core/lv_obj_style_gen.c:621:6:lv_obj_set_style_radius	8	static
../lvgl/src/core/lv_obj_style_gen.c:629:6:lv_obj_set_style_clip_corner	8	static
../lvgl/src/core/lv_obj_style_gen.c:637:6:lv_obj_set_style_opa	8	static
../lvgl/src/core/lv_obj_style_gen.c:645:6:lv_obj_set_style_opa_layered	8	static
../lvgl/src/core/lv_obj_style_gen.c:653:6:lv_obj_set_style_color_filter_dsc	8	static
../lvgl/src/core/lv_obj_style_gen.c:662:6:lv_obj_set_style_color_filter_opa	8	static
../lvgl/src/core/lv_obj_style_gen.c:670:6:lv_obj_set_style_anim	8	static
../lvgl/src/core/lv_obj_style_gen.c:678:6:lv_obj_set_style_anim_time	8	static
../lvgl/src/core/lv_obj_style_gen.c:686:6:lv_obj_set_style_anim_speed	8	static
../lvgl/src/core/lv_obj_style_gen.c:694:6:lv_obj_set_style_transition	8	static
../lvgl/src/core/lv_obj_style_gen.c:703:6:lv_obj_set_style_blend_mode	8	static
../lvgl/src/core/lv_obj_style_gen.c:711:6:lv_obj_set_style_layout	8	static
../lvgl/src/core/lv_obj_style_gen.c:719:6:lv_obj_set_style_base_dir	8	static
../lvgl/src/core/lv_obj_style_gen.c:727:6:lv_obj_set_style_flex_flow	8	static
../lvgl/src/core/lv_obj_style_gen.c:735:6:lv_obj_set_style_flex_main_place	8	static
../lvgl/src/core/lv_obj_style_gen.c:743:6:lv_obj_set_style_flex_cross_place	8	static
../lvgl/src/core/lv_obj_style_gen.c:751:6:lv_obj_set_style_flex_track_place	8	static
../lvgl/src/core/lv_obj_style_gen.c:759:6:lv_obj_set_style_flex_grow	8	static
../lvgl/src/core/lv_obj_style_gen.c:767:6:lv_obj_set_style_grid_column_dsc_array	8	static
../lvgl/src/core/lv_obj_style_gen.c:776:6:lv_obj_set_style_grid_column_align	8	static
../lvgl/src/core/lv_obj_style_gen.c:784:6:lv_obj_set_style_grid_row_dsc_array	8	static
../lvgl/src/core/lv_obj_style_gen.c:792:6:lv_obj_set_style_grid_row_align	8	static
../lvgl/src/core/lv_obj_style_gen.c:800:6:lv_obj_set_style_grid_cell_column_pos	8	static
../lvgl/src/core/lv_obj_style_gen.c:808:6:lv_obj_set_style_grid_cell_x_align	8	static
../lvgl/src/core/lv_obj_style_gen.c:816:6:lv_obj_set_style_grid_cell_column_span	8	static
../lvgl/src/core/lv_obj_style_gen.c:824:6:lv_obj_set_style_grid_cell_row_pos	8	static
../lvgl/src/core/lv_obj_style_gen.c:832:6:lv_obj_set_style_grid_cell_y_align	8	static
../lvgl/src/core/lv_obj_style_gen.c:840:6:lv_obj_set_style_grid_cell_row_span	8	static
