../lvgl/src/core/lv_obj_event.c:305:20:event_send_core	32	static
../lvgl/src/core/lv_obj_event.c:45:13:lv_obj_send_event	40	static
../lvgl/src/core/lv_obj_event.c:73:13:lv_obj_event_base	8	static
../lvgl/src/core/lv_obj_event.c:96:6:lv_obj_add_event	24	static
../lvgl/src/core/lv_obj_event.c:105:10:lv_obj_get_event_count	0	static
../lvgl/src/core/lv_obj_event.c:113:18:lv_obj_get_event_dsc	0	static
../lvgl/src/core/lv_obj_event.c:120:6:lv_obj_remove_event	0	static
../lvgl/src/core/lv_obj_event.c:127:6:lv_obj_remove_event_cb	24	static
../lvgl/src/core/lv_obj_event.c:144:12:lv_event_get_current_target_obj	0	static
../lvgl/src/core/lv_obj_event.c:149:12:lv_event_get_target_obj	0	static
../lvgl/src/core/lv_obj_event.c:155:14:lv_event_get_indev	0	static
../lvgl/src/core/lv_obj_event.c:182:14:lv_event_get_layer	0	static
../lvgl/src/core/lv_obj_event.c:198:19:lv_event_get_old_size	0	static
../lvgl/src/core/lv_obj_event.c:209:10:lv_event_get_key	8	static
../lvgl/src/core/lv_obj_event.c:222:13:lv_event_get_scroll_anim	0	static
../lvgl/src/core/lv_obj_event.c:233:6:lv_event_set_ext_draw_size	8	static
../lvgl/src/core/lv_obj_event.c:244:14:lv_event_get_self_size_info	0	static
../lvgl/src/core/lv_obj_event.c:255:22:lv_event_get_hit_test_info	0	static
../lvgl/src/core/lv_obj_event.c:266:19:lv_event_get_cover_area	8	static
../lvgl/src/core/lv_obj_event.c:278:6:lv_event_set_cover_res	8	static
../lvgl/src/core/lv_obj_event.c:289:18:lv_event_get_draw_task	0	static
