../lvgl/src/core/lv_obj_pos.c:1118:13:transform_point	40	static
../lvgl/src/core/lv_obj_pos.c:45:6:lv_obj_set_pos	24	static
../lvgl/src/core/lv_obj_pos.c:53:6:lv_obj_set_x	24	static
../lvgl/src/core/lv_obj_pos.c:67:6:lv_obj_set_y	24	static
../lvgl/src/core/lv_obj_pos.c:207:6:lv_obj_set_size	24	static
../lvgl/src/core/lv_obj_pos.c:215:6:lv_obj_set_width	24	static
../lvgl/src/core/lv_obj_pos.c:228:6:lv_obj_set_height	24	static
../lvgl/src/core/lv_obj_pos.c:241:6:lv_obj_set_content_width	32	static
../lvgl/src/core/lv_obj_pos.c:248:6:lv_obj_set_content_height	32	static
../lvgl/src/core/lv_obj_pos.c:255:6:lv_obj_set_layout	8	static
../lvgl/src/core/lv_obj_pos.c:264:6:lv_obj_is_layout_positioned	24	static
../lvgl/src/core/lv_obj_pos.c:276:6:lv_obj_mark_layout_as_dirty	8	static
../lvgl/src/core/lv_obj_pos.c:309:6:lv_obj_set_align	0	static
../lvgl/src/core/lv_obj_pos.c:314:6:lv_obj_align	24	static
../lvgl/src/core/lv_obj_pos.c:465:6:lv_obj_get_coords	0	static
../lvgl/src/core/lv_obj_pos.c:472:12:lv_obj_get_x	24	static
../lvgl/src/core/lv_obj_pos.c:489:12:lv_obj_get_x2	32	static
../lvgl/src/core/lv_obj_pos.c:496:12:lv_obj_get_y	24	static
../lvgl/src/core/lv_obj_pos.c:513:12:lv_obj_get_y2	32	static
../lvgl/src/core/lv_obj_pos.c:520:12:lv_obj_get_x_aligned	16	static
../lvgl/src/core/lv_obj_pos.c:525:12:lv_obj_get_y_aligned	16	static
../lvgl/src/core/lv_obj_pos.c:531:12:lv_obj_get_width	0	static
../lvgl/src/core/lv_obj_pos.c:538:12:lv_obj_get_height	0	static
../lvgl/src/core/lv_obj_pos.c:545:12:lv_obj_get_content_width	32	static
../lvgl/src/core/lv_obj_pos.c:555:12:lv_obj_get_content_height	32	static
../lvgl/src/core/lv_obj_pos.c:565:6:lv_obj_get_content_coords	32	static
../lvgl/src/core/lv_obj_pos.c:577:12:lv_obj_get_self_width	16	static
../lvgl/src/core/lv_obj_pos.c:584:12:lv_obj_get_self_height	16	static
../lvgl/src/core/lv_obj_pos.c:591:6:lv_obj_refresh_self_size	24	static
../lvgl/src/core/lv_obj_pos.c:747:6:lv_obj_move_children_by	136	static
../lvgl/src/core/lv_obj_pos.c:763:6:lv_obj_transform_point	24	static
../lvgl/src/core/lv_obj_pos.c:779:6:lv_obj_get_transformed_area	48	static
../lvgl/src/core/lv_obj_pos.c:831:6:lv_obj_area_is_visible.part.0	40	static
../lvgl/src/core/lv_obj_pos.c:801:6:lv_obj_invalidate_area	24	static
../lvgl/src/core/lv_obj_pos.c:815:6:lv_obj_invalidate	40	static
../lvgl/src/core/lv_obj_pos.c:678:6:lv_obj_move_to	64	static
../lvgl/src/core/lv_obj_pos.c:601:6:lv_obj_refr_pos.part.0	72	static
../lvgl/src/core/lv_obj_pos.c:601:6:lv_obj_refr_pos	24	static
../lvgl/src/core/lv_obj_pos.c:81:6:lv_obj_refr_size.part.0	96	static
../lvgl/src/core/lv_obj_pos.c:81:6:lv_obj_refr_size	0	static
../lvgl/src/core/lv_obj_pos.c:1097:13:layout_update_core	24	static
../lvgl/src/core/lv_obj_pos.c:320:6:lv_obj_align_to	64	static
../lvgl/src/core/lv_obj_pos.c:289:6:lv_obj_update_layout	32	static
../lvgl/src/core/lv_obj_pos.c:831:6:lv_obj_area_is_visible	16	static
../lvgl/src/core/lv_obj_pos.c:879:6:lv_obj_is_visible	16	static
../lvgl/src/core/lv_obj_pos.c:894:6:lv_obj_set_ext_click_area	16	static
../lvgl/src/core/lv_obj_pos.c:902:6:lv_obj_get_click_area	0	static
../lvgl/src/core/lv_obj_pos.c:910:6:lv_obj_hit_test	40	static
../lvgl/src/core/lv_obj_pos.c:930:12:lv_clamp_width	4	static
../lvgl/src/core/lv_obj_pos.c:937:12:lv_clamp_height	4	static
