../lvgl/src/misc/lv_anim.c:210:9:lv_anim_path_linear	16	static
../lvgl/src/misc/lv_anim.c:321:13:anim_timer	32	static
../lvgl/src/misc/lv_anim.c:58:6:_lv_anim_core_init	8	static
../lvgl/src/misc/lv_anim.c:67:6:lv_anim_init	8	static
../lvgl/src/misc/lv_anim.c:115:10:lv_anim_get_playtime	8	static
../lvgl/src/misc/lv_anim.c:136:6:lv_anim_delete	40	static
../lvgl/src/misc/lv_anim.c:78:13:lv_anim_start	16	static
../lvgl/src/misc/lv_anim.c:161:6:lv_anim_delete_all	8	static
../lvgl/src/misc/lv_anim.c:167:13:lv_anim_get	16	static
../lvgl/src/misc/lv_anim.c:179:22:lv_anim_get_timer	0	static
../lvgl/src/misc/lv_anim.c:184:10:lv_anim_count_running	16	static
../lvgl/src/misc/lv_anim.c:193:10:lv_anim_speed_to_time	0	static
../lvgl/src/misc/lv_anim.c:205:6:lv_anim_refr_now	0	static
../lvgl/src/misc/lv_anim.c:225:9:lv_anim_path_ease_in	24	static
../lvgl/src/misc/lv_anim.c:231:9:lv_anim_path_ease_out	24	static
../lvgl/src/misc/lv_anim.c:237:9:lv_anim_path_ease_in_out	24	static
../lvgl/src/misc/lv_anim.c:243:9:lv_anim_path_overshoot	16	static
../lvgl/src/misc/lv_anim.c:248:9:lv_anim_path_bounce	24	static
../lvgl/src/misc/lv_anim.c:299:9:lv_anim_path_step	0	static
../lvgl/src/misc/lv_anim.c:307:9:lv_anim_path_custom_bezier3	32	static
