../lvgl/src/misc/lv_fs.c:43:6:_lv_fs_init	0	static
../lvgl/src/misc/lv_fs.c:48:6:lv_fs_is_ready	16	static
../lvgl/src/misc/lv_fs.c:59:13:lv_fs_open	32	static
../lvgl/src/misc/lv_fs.c:124:6:lv_fs_make_path_from_buffer	0	static
../lvgl/src/misc/lv_fs.c:133:13:lv_fs_close	16	static
../lvgl/src/misc/lv_fs.c:248:13:lv_fs_read	56	static
../lvgl/src/misc/lv_fs.c:269:13:lv_fs_write	32	static
../lvgl/src/misc/lv_fs.c:288:13:lv_fs_seek	24	static
../lvgl/src/misc/lv_fs.c:343:13:lv_fs_tell	4	static
../lvgl/src/misc/lv_fs.c:367:13:lv_fs_dir_open	24	static
../lvgl/src/misc/lv_fs.c:401:13:lv_fs_dir_read	4	static
../lvgl/src/misc/lv_fs.c:418:13:lv_fs_dir_close	8	static
../lvgl/src/misc/lv_fs.c:436:6:lv_fs_drv_init	0	static
../lvgl/src/misc/lv_fs.c:441:6:lv_fs_drv_register	8	static
../lvgl/src/misc/lv_fs.c:452:15:lv_fs_get_drv	16	static
../lvgl/src/misc/lv_fs.c:465:8:lv_fs_get_letters	16	static
../lvgl/src/misc/lv_fs.c:480:14:lv_fs_get_ext	8	static
../lvgl/src/misc/lv_fs.c:495:8:lv_fs_up	8	static
../lvgl/src/misc/lv_fs.c:521:14:lv_fs_get_last	8	static
