../lvgl/src/widgets/spinbox/lv_spinbox.c:464:13:lv_spinbox_updatevalue	72	static
../lvgl/src/widgets/spinbox/lv_spinbox.c:338:13:lv_spinbox_constructor	8	static
../lvgl/src/widgets/spinbox/lv_spinbox.c:363:13:lv_spinbox_event	24	static
../lvgl/src/widgets/spinbox/lv_spinbox.c:55:12:lv_spinbox_create	8	static
../lvgl/src/widgets/spinbox/lv_spinbox.c:72:6:lv_spinbox_set_value	4	static
../lvgl/src/widgets/spinbox/lv_spinbox.c:90:6:lv_spinbox_set_rollover	0	static
../lvgl/src/widgets/spinbox/lv_spinbox.c:105:6:lv_spinbox_set_digit_format	16	static
../lvgl/src/widgets/spinbox/lv_spinbox.c:131:6:lv_spinbox_set_step	0	static
../lvgl/src/widgets/spinbox/lv_spinbox.c:146:6:lv_spinbox_set_range	0	static
../lvgl/src/widgets/spinbox/lv_spinbox.c:165:6:lv_spinbox_set_cursor_pos	24	static
../lvgl/src/widgets/spinbox/lv_spinbox.c:184:6:lv_spinbox_set_digit_step_direction	0	static
../lvgl/src/widgets/spinbox/lv_spinbox.c:201:9:lv_spinbox_get_value	0	static
../lvgl/src/widgets/spinbox/lv_spinbox.c:213:9:lv_spinbox_get_step	0	static
../lvgl/src/widgets/spinbox/lv_spinbox.c:229:6:lv_spinbox_step_next	0	static
../lvgl/src/widgets/spinbox/lv_spinbox.c:244:6:lv_spinbox_step_prev	0	static
../lvgl/src/widgets/spinbox/lv_spinbox.c:260:6:lv_spinbox_get_rollover	0	static
../lvgl/src/widgets/spinbox/lv_spinbox.c:272:6:lv_spinbox_increment	0	static
../lvgl/src/widgets/spinbox/lv_spinbox.c:305:6:lv_spinbox_decrement	0	static
