../lvgl/src/widgets/dropdown/lv_dropdown.c:649:13:lv_dropdownlist_destructor	0	static
../lvgl/src/widgets/dropdown/lv_dropdown.c:1135:13:position_to_selected	24	static
../lvgl/src/widgets/dropdown/lv_dropdown.c:938:13:draw_box	136	static
../lvgl/src/widgets/dropdown/lv_dropdown.c:976:13:draw_box_label	112	static
../lvgl/src/widgets/dropdown/lv_dropdown.c:634:13:lv_dropdownlist_constructor	16	static
../lvgl/src/widgets/dropdown/lv_dropdown.c:618:13:lv_dropdown_destructor	16	static
../lvgl/src/widgets/dropdown/lv_dropdown.c:586:13:lv_dropdown_constructor	16	static
../lvgl/src/widgets/dropdown/lv_dropdown.c:784:13:draw_main	352	static
../lvgl/src/widgets/dropdown/lv_dropdown.c:748:13:lv_dropdown_list_event	48	static
../lvgl/src/widgets/dropdown/lv_dropdown.c:95:12:lv_dropdown_create	8	static
../lvgl/src/widgets/dropdown/lv_dropdown.c:107:6:lv_dropdown_set_text	0	static
../lvgl/src/widgets/dropdown/lv_dropdown.c:118:6:lv_dropdown_set_options	24	static
../lvgl/src/widgets/dropdown/lv_dropdown.c:165:6:lv_dropdown_set_options_static	16	static
../lvgl/src/widgets/dropdown/lv_dropdown.c:194:6:lv_dropdown_add_option	32	static
../lvgl/src/widgets/dropdown/lv_dropdown.c:261:6:lv_dropdown_clear_options	8	static
../lvgl/src/widgets/dropdown/lv_dropdown.c:278:6:lv_dropdown_set_selected	8	static
../lvgl/src/widgets/dropdown/lv_dropdown.c:295:6:lv_dropdown_set_dir	0	static
../lvgl/src/widgets/dropdown/lv_dropdown.c:307:6:lv_dropdown_set_symbol	0	static
../lvgl/src/widgets/dropdown/lv_dropdown.c:316:6:lv_dropdown_set_selected_highlight	0	static
../lvgl/src/widgets/dropdown/lv_dropdown.c:329:12:lv_dropdown_get_list	0	static
../lvgl/src/widgets/dropdown/lv_dropdown.c:337:14:lv_dropdown_get_text	0	static
../lvgl/src/widgets/dropdown/lv_dropdown.c:345:14:lv_dropdown_get_options	0	static
../lvgl/src/widgets/dropdown/lv_dropdown.c:353:10:lv_dropdown_get_selected	0	static
../lvgl/src/widgets/dropdown/lv_dropdown.c:362:10:lv_dropdown_get_option_cnt	0	static
../lvgl/src/widgets/dropdown/lv_dropdown.c:371:6:lv_dropdown_get_selected_str	24	static
../lvgl/src/widgets/dropdown/lv_dropdown.c:405:9:lv_dropdown_get_option_index	32	static
../lvgl/src/widgets/dropdown/lv_dropdown.c:430:14:lv_dropdown_get_symbol	0	static
../lvgl/src/widgets/dropdown/lv_dropdown.c:437:6:lv_dropdown_get_selected_highlight	0	static
../lvgl/src/widgets/dropdown/lv_dropdown.c:444:10:lv_dropdown_get_dir	0	static
../lvgl/src/widgets/dropdown/lv_dropdown.c:455:6:lv_dropdown_open	40	static
../lvgl/src/widgets/dropdown/lv_dropdown.c:1024:20:btn_release_handler.isra	24	static
../lvgl/src/widgets/dropdown/lv_dropdown.c:658:13:lv_dropdown_event	32	static
../lvgl/src/widgets/dropdown/lv_dropdown.c:553:6:lv_dropdown_close	8	static
../lvgl/src/widgets/dropdown/lv_dropdown.c:566:6:lv_dropdown_is_open	8	static
