../USB_HOST/Target/usbh_conf.c:62:6:HAL_HCD_MspInit	240	static
../USB_HOST/Target/usbh_conf.c:116:6:HAL_HCD_MspDeInit	8	static
../USB_HOST/Target/usbh_conf.c:148:6:HAL_HCD_SOF_Callback	0	static
../USB_HOST/Target/usbh_conf.c:158:6:HAL_HCD_Connect_Callback	0	static
../USB_HOST/Target/usbh_conf.c:168:6:HAL_HCD_Disconnect_Callback	0	static
../USB_HOST/Target/usbh_conf.c:180:6:HAL_HCD_HC_NotifyURBChange_Callback	0	static
../USB_HOST/Target/usbh_conf.c:192:6:HAL_HCD_PortEnabled_Callback	0	static
../USB_HOST/Target/usbh_conf.c:202:6:HAL_HCD_PortDisabled_Callback	0	static
../USB_HOST/Target/usbh_conf.c:216:20:USBH_LL_Init	8	static
../USB_HOST/Target/usbh_conf.c:245:20:USBH_LL_DeInit	8	static
../USB_HOST/Target/usbh_conf.c:262:20:USBH_LL_Start	8	static
../USB_HOST/Target/usbh_conf.c:279:20:USBH_LL_Stop	8	static
../USB_HOST/Target/usbh_conf.c:296:19:USBH_LL_GetSpeed	8	static
../USB_HOST/Target/usbh_conf.c:326:20:USBH_LL_ResetPort	8	static
../USB_HOST/Target/usbh_conf.c:344:10:USBH_LL_GetLastXferSize	0	static
../USB_HOST/Target/usbh_conf.c:360:20:USBH_LL_OpenPipe	24	static
../USB_HOST/Target/usbh_conf.c:380:20:USBH_LL_ClosePipe	8	static
../USB_HOST/Target/usbh_conf.c:419:20:USBH_LL_SubmitURB	24	static
../USB_HOST/Target/usbh_conf.c:448:22:USBH_LL_GetURBState	0	static
../USB_HOST/Target/usbh_conf.c:462:20:USBH_LL_DriverVBUS	8	static
../USB_HOST/Target/usbh_conf.c:483:20:USBH_LL_SetToggle	0	static
../USB_HOST/Target/usbh_conf.c:506:9:USBH_LL_GetToggle	0	static
../USB_HOST/Target/usbh_conf.c:528:6:USBH_Delay	0	static
../USB_HOST/Target/usbh_conf.c:538:20:USBH_Get_USB_Status	0	static
